美元 201801
美元 201801
美元 201801
美元 201801
美元 201801
